#Packing pin usage report
Type: io
	Input Pin Usage:
		Max: 1.00 (0.02)
		Avg: 0.30 (0.01)
		Min: 0.00 (0.00)
		Histogram:
		[        0:      5.5) 2524 (100.0%) |**********************************************
		[      5.5:       11)    0 (  0.0%) |
		[       11:       16)    0 (  0.0%) |
		[       16:       22)    0 (  0.0%) |
		[       22:       28)    0 (  0.0%) |
		[       28:       33)    0 (  0.0%) |
		[       33:       38)    0 (  0.0%) |
		[       38:       44)    0 (  0.0%) |
		[       44:       50)    0 (  0.0%) |
		[       50:       55)    0 (  0.0%) |
	Output Pin Usage:
		Max: 1.00 (0.03)
		Avg: 0.70 (0.02)
		Min: 0.00 (0.00)
		Histogram:
		[        0:        4) 2524 (100.0%) |**********************************************
		[        4:        8)    0 (  0.0%) |
		[        8:       12)    0 (  0.0%) |
		[       12:       16)    0 (  0.0%) |
		[       16:       20)    0 (  0.0%) |
		[       20:       24)    0 (  0.0%) |
		[       24:       28)    0 (  0.0%) |
		[       28:       32)    0 (  0.0%) |
		[       32:       36)    0 (  0.0%) |
		[       36:       40)    0 (  0.0%) |

Type: LAB
	Input Pin Usage:
		Max: 40.00 (0.44)
		Avg: 21.94 (0.24)
		Min: 1.00 (0.01)
		Histogram:
		[        0:      9.1)  72 (  7.5%) |*****
		[      9.1:       18)  99 ( 10.3%) |*******
		[       18:       27) 642 ( 66.5%) |***********************************************
		[       27:       36) 149 ( 15.4%) |***********
		[       36:       46)   3 (  0.3%) |
		[       46:       55)   0 (  0.0%) |
		[       55:       64)   0 (  0.0%) |
		[       64:       73)   0 (  0.0%) |
		[       73:       82)   0 (  0.0%) |
		[       82:       91)   0 (  0.0%) |
	Output Pin Usage:
		Max: 33.00 (0.79)
		Avg: 13.89 (0.33)
		Min: 1.00 (0.02)
		Histogram:
		[        0:      4.2)  61 (  6.3%) |*******
		[      4.2:      8.4)  23 (  2.4%) |***
		[      8.4:       13) 226 ( 23.4%) |***************************
		[       13:       17) 394 ( 40.8%) |***********************************************
		[       17:       21) 223 ( 23.1%) |***************************
		[       21:       25)  29 (  3.0%) |***
		[       25:       29)   6 (  0.6%) |*
		[       29:       34)   3 (  0.3%) |
		[       34:       38)   0 (  0.0%) |
		[       38:       42)   0 (  0.0%) |

