#Packing pin usage report
Type: io
	Input Pin Usage:
		Max: 1.00 (0.50)
		Avg: 0.30 (0.15)
		Min: 0.00 (0.00)
		Histogram:
		[        0:      0.2) 366 ( 70.1%) |***********************************************
		[      0.2:      0.4)   0 (  0.0%) |
		[      0.4:      0.6)   0 (  0.0%) |
		[      0.6:      0.8)   0 (  0.0%) |
		[      0.8:        1) 156 ( 29.9%) |********************
		[        1:      1.2)   0 (  0.0%) |
		[      1.2:      1.4)   0 (  0.0%) |
		[      1.4:      1.6)   0 (  0.0%) |
		[      1.6:      1.8)   0 (  0.0%) |
		[      1.8:        2)   0 (  0.0%) |
	Output Pin Usage:
		Max: 1.00 (1.00)
		Avg: 0.70 (0.70)
		Min: 0.00 (0.00)
		Histogram:
		[        0:      0.1) 156 ( 29.9%) |********************
		[      0.1:      0.2)   0 (  0.0%) |
		[      0.2:      0.3)   0 (  0.0%) |
		[      0.3:      0.4)   0 (  0.0%) |
		[      0.4:      0.5)   0 (  0.0%) |
		[      0.5:      0.6)   0 (  0.0%) |
		[      0.6:      0.7)   0 (  0.0%) |
		[      0.7:      0.8)   0 (  0.0%) |
		[      0.8:      0.9)   0 (  0.0%) |
		[      0.9:        1) 366 ( 70.1%) |***********************************************

Type: clb
	Input Pin Usage:
		Max: 27.00 (0.50)
		Avg: 15.61 (0.29)
		Min: 1.00 (0.02)
		Histogram:
		[        0:      5.4)  41 (  7.4%) |********
		[      5.4:       11)  13 (  2.3%) |***
		[       11:       16) 237 ( 42.5%) |***********************************************
		[       16:       22) 234 ( 42.0%) |**********************************************
		[       22:       27)  32 (  5.7%) |******
		[       27:       32)   0 (  0.0%) |
		[       32:       38)   0 (  0.0%) |
		[       38:       43)   0 (  0.0%) |
		[       43:       49)   0 (  0.0%) |
		[       49:       54)   0 (  0.0%) |
	Output Pin Usage:
		Max: 19.00 (0.90)
		Avg: 9.61 (0.46)
		Min: 1.00 (0.05)
		Histogram:
		[        0:      2.1)  33 (  5.9%) |**********
		[      2.1:      4.2)   8 (  1.4%) |**
		[      4.2:      6.3)  40 (  7.2%) |************
		[      6.3:      8.4) 101 ( 18.1%) |*******************************
		[      8.4:       10) 152 ( 27.3%) |***********************************************
		[       10:       13) 133 ( 23.9%) |*****************************************
		[       13:       15)  48 (  8.6%) |***************
		[       15:       17)  25 (  4.5%) |********
		[       17:       19)  16 (  2.9%) |*****
		[       19:       21)   1 (  0.2%) |

