#Packing pin usage report
Type: io
	Input Pin Usage:
		Max: 1.00 (0.50)
		Avg: 0.38 (0.19)
		Min: 0.00 (0.00)
		Histogram:
		[        0:      0.2) 3825 ( 61.5%) |**********************************************
		[      0.2:      0.4)    0 (  0.0%) |
		[      0.4:      0.6)    0 (  0.0%) |
		[      0.6:      0.8)    0 (  0.0%) |
		[      0.8:        1) 2393 ( 38.5%) |*****************************
		[        1:      1.2)    0 (  0.0%) |
		[      1.2:      1.4)    0 (  0.0%) |
		[      1.4:      1.6)    0 (  0.0%) |
		[      1.6:      1.8)    0 (  0.0%) |
		[      1.8:        2)    0 (  0.0%) |
	Output Pin Usage:
		Max: 1.00 (1.00)
		Avg: 0.62 (0.62)
		Min: 0.00 (0.00)
		Histogram:
		[        0:      0.1) 2393 ( 38.5%) |*****************************
		[      0.1:      0.2)    0 (  0.0%) |
		[      0.2:      0.3)    0 (  0.0%) |
		[      0.3:      0.4)    0 (  0.0%) |
		[      0.4:      0.5)    0 (  0.0%) |
		[      0.5:      0.6)    0 (  0.0%) |
		[      0.6:      0.7)    0 (  0.0%) |
		[      0.7:      0.8)    0 (  0.0%) |
		[      0.8:      0.9)    0 (  0.0%) |
		[      0.9:        1) 3825 ( 61.5%) |**********************************************

Type: clb
	Input Pin Usage:
		Max: 38.00 (0.70)
		Avg: 20.21 (0.37)
		Min: 1.00 (0.02)
		Histogram:
		[        0:      5.4)  74 ( 12.6%) |***************
		[      5.4:       11)   4 (  0.7%) |*
		[       11:       16)  28 (  4.8%) |******
		[       16:       22) 177 ( 30.1%) |************************************
		[       22:       27) 229 ( 38.9%) |***********************************************
		[       27:       32)  65 ( 11.0%) |*************
		[       32:       38)  11 (  1.9%) |**
		[       38:       43)   1 (  0.2%) |
		[       43:       49)   0 (  0.0%) |
		[       49:       54)   0 (  0.0%) |
	Output Pin Usage:
		Max: 20.00 (0.95)
		Avg: 13.39 (0.64)
		Min: 1.00 (0.05)
		Histogram:
		[        0:      2.1)  67 ( 11.4%) |*****************
		[      2.1:      4.2)   7 (  1.2%) |**
		[      4.2:      6.3)   0 (  0.0%) |
		[      6.3:      8.4)   4 (  0.7%) |*
		[      8.4:       10)   4 (  0.7%) |*
		[       10:       13)  43 (  7.3%) |***********
		[       13:       15) 145 ( 24.6%) |************************************
		[       15:       17) 190 ( 32.3%) |***********************************************
		[       17:       19) 106 ( 18.0%) |**************************
		[       19:       21)  23 (  3.9%) |******

