#Packing pin usage report
Type: io
	Input Pin Usage:
		Max: 1.00 (0.50)
		Avg: 0.30 (0.15)
		Min: 0.00 (0.00)
		Histogram:
		[        0:      0.2) 1326 ( 70.0%) |**********************************************
		[      0.2:      0.4)    0 (  0.0%) |
		[      0.4:      0.6)    0 (  0.0%) |
		[      0.6:      0.8)    0 (  0.0%) |
		[      0.8:        1)  568 ( 30.0%) |********************
		[        1:      1.2)    0 (  0.0%) |
		[      1.2:      1.4)    0 (  0.0%) |
		[      1.4:      1.6)    0 (  0.0%) |
		[      1.6:      1.8)    0 (  0.0%) |
		[      1.8:        2)    0 (  0.0%) |
	Output Pin Usage:
		Max: 1.00 (1.00)
		Avg: 0.70 (0.70)
		Min: 0.00 (0.00)
		Histogram:
		[        0:      0.1)  568 ( 30.0%) |********************
		[      0.1:      0.2)    0 (  0.0%) |
		[      0.2:      0.3)    0 (  0.0%) |
		[      0.3:      0.4)    0 (  0.0%) |
		[      0.4:      0.5)    0 (  0.0%) |
		[      0.5:      0.6)    0 (  0.0%) |
		[      0.6:      0.7)    0 (  0.0%) |
		[      0.7:      0.8)    0 (  0.0%) |
		[      0.8:      0.9)    0 (  0.0%) |
		[      0.9:        1) 1326 ( 70.0%) |**********************************************

Type: clb
	Input Pin Usage:
		Max: 33.00 (0.61)
		Avg: 18.64 (0.35)
		Min: 1.00 (0.02)
		Histogram:
		[        0:      5.4)  39 (  6.9%) |*******
		[      5.4:       11)   7 (  1.2%) |*
		[       11:       16)  99 ( 17.6%) |*******************
		[       16:       22) 246 ( 43.6%) |***********************************************
		[       22:       27) 149 ( 26.4%) |****************************
		[       27:       32)  23 (  4.1%) |****
		[       32:       38)   1 (  0.2%) |
		[       38:       43)   0 (  0.0%) |
		[       43:       49)   0 (  0.0%) |
		[       49:       54)   0 (  0.0%) |
	Output Pin Usage:
		Max: 20.00 (0.95)
		Avg: 11.46 (0.55)
		Min: 1.00 (0.05)
		Histogram:
		[        0:      2.1)  36 (  6.4%) |**********
		[      2.1:      4.2)   4 (  0.7%) |*
		[      4.2:      6.3)   2 (  0.4%) |*
		[      6.3:      8.4)  30 (  5.3%) |********
		[      8.4:       10) 101 ( 17.9%) |***************************
		[       10:       13) 173 ( 30.7%) |***********************************************
		[       13:       15) 124 ( 22.0%) |**********************************
		[       15:       17)  56 (  9.9%) |***************
		[       17:       19)  30 (  5.3%) |********
		[       19:       21)   8 (  1.4%) |**

